Archive member included to satisfy reference by file (symbol)

c:/st/stm32cubeide_1.6.1/stm32cubeide/plugins/com.st.stm32cube.ide.mcu.externaltools.gnu-tools-for-stm32.9-2020-q2-update.win32_1.5.0.202011040924/tools/bin/../lib/gcc/arm-none-eabi/9.3.1/../../../../arm-none-eabi/lib/thumb/v7-m/nofp\libc_nano.a(lib_a-errno.o)
                              Core/Src/syscalls.o (__errno)
c:/st/stm32cubeide_1.6.1/stm32cubeide/plugins/com.st.stm32cube.ide.mcu.externaltools.gnu-tools-for-stm32.9-2020-q2-update.win32_1.5.0.202011040924/tools/bin/../lib/gcc/arm-none-eabi/9.3.1/../../../../arm-none-eabi/lib/thumb/v7-m/nofp\libc_nano.a(lib_a-exit.o)
                              c:/st/stm32cubeide_1.6.1/stm32cubeide/plugins/com.st.stm32cube.ide.mcu.externaltools.gnu-tools-for-stm32.9-2020-q2-update.win32_1.5.0.202011040924/tools/bin/../lib/gcc/arm-none-eabi/9.3.1/../../../../arm-none-eabi/lib/thumb/v7-m/nofp/crt0.o (exit)
c:/st/stm32cubeide_1.6.1/stm32cubeide/plugins/com.st.stm32cube.ide.mcu.externaltools.gnu-tools-for-stm32.9-2020-q2-update.win32_1.5.0.202011040924/tools/bin/../lib/gcc/arm-none-eabi/9.3.1/../../../../arm-none-eabi/lib/thumb/v7-m/nofp\libc_nano.a(lib_a-impure.o)
                              c:/st/stm32cubeide_1.6.1/stm32cubeide/plugins/com.st.stm32cube.ide.mcu.externaltools.gnu-tools-for-stm32.9-2020-q2-update.win32_1.5.0.202011040924/tools/bin/../lib/gcc/arm-none-eabi/9.3.1/../../../../arm-none-eabi/lib/thumb/v7-m/nofp\libc_nano.a(lib_a-exit.o) (_global_impure_ptr)
c:/st/stm32cubeide_1.6.1/stm32cubeide/plugins/com.st.stm32cube.ide.mcu.externaltools.gnu-tools-for-stm32.9-2020-q2-update.win32_1.5.0.202011040924/tools/bin/../lib/gcc/arm-none-eabi/9.3.1/../../../../arm-none-eabi/lib/thumb/v7-m/nofp\libc_nano.a(lib_a-init.o)
                              c:/st/stm32cubeide_1.6.1/stm32cubeide/plugins/com.st.stm32cube.ide.mcu.externaltools.gnu-tools-for-stm32.9-2020-q2-update.win32_1.5.0.202011040924/tools/bin/../lib/gcc/arm-none-eabi/9.3.1/../../../../arm-none-eabi/lib/thumb/v7-m/nofp/crt0.o (__libc_init_array)
c:/st/stm32cubeide_1.6.1/stm32cubeide/plugins/com.st.stm32cube.ide.mcu.externaltools.gnu-tools-for-stm32.9-2020-q2-update.win32_1.5.0.202011040924/tools/bin/../lib/gcc/arm-none-eabi/9.3.1/../../../../arm-none-eabi/lib/thumb/v7-m/nofp\libc_nano.a(lib_a-memset.o)
                              c:/st/stm32cubeide_1.6.1/stm32cubeide/plugins/com.st.stm32cube.ide.mcu.externaltools.gnu-tools-for-stm32.9-2020-q2-update.win32_1.5.0.202011040924/tools/bin/../lib/gcc/arm-none-eabi/9.3.1/../../../../arm-none-eabi/lib/thumb/v7-m/nofp/crt0.o (memset)
c:/st/stm32cubeide_1.6.1/stm32cubeide/plugins/com.st.stm32cube.ide.mcu.externaltools.gnu-tools-for-stm32.9-2020-q2-update.win32_1.5.0.202011040924/tools/bin/../lib/gcc/arm-none-eabi/9.3.1/../../../../arm-none-eabi/lib/thumb/v7-m/nofp\libc_nano.a(lib_a-strlen.o)
                              Core/Src/wifly_lib.o (strlen)
c:/st/stm32cubeide_1.6.1/stm32cubeide/plugins/com.st.stm32cube.ide.mcu.externaltools.gnu-tools-for-stm32.9-2020-q2-update.win32_1.5.0.202011040924/tools/bin/../lib/gcc/arm-none-eabi/9.3.1/../../../../arm-none-eabi/lib/thumb/v7-m/nofp\libc_nano.a(lib_a-strstr.o)
                              Core/Src/wifly_lib.o (strstr)
c:/st/stm32cubeide_1.6.1/stm32cubeide/plugins/com.st.stm32cube.ide.mcu.externaltools.gnu-tools-for-stm32.9-2020-q2-update.win32_1.5.0.202011040924/tools/bin/../lib/gcc/arm-none-eabi/9.3.1/thumb/v7-m/nofp\libgcc.a(_aeabi_uldivmod.o)
                              Drivers/STM32L1xx_HAL_Driver/Src/stm32l1xx_hal_rcc.o (__aeabi_uldivmod)
c:/st/stm32cubeide_1.6.1/stm32cubeide/plugins/com.st.stm32cube.ide.mcu.externaltools.gnu-tools-for-stm32.9-2020-q2-update.win32_1.5.0.202011040924/tools/bin/../lib/gcc/arm-none-eabi/9.3.1/thumb/v7-m/nofp\libgcc.a(_udivmoddi4.o)
                              c:/st/stm32cubeide_1.6.1/stm32cubeide/plugins/com.st.stm32cube.ide.mcu.externaltools.gnu-tools-for-stm32.9-2020-q2-update.win32_1.5.0.202011040924/tools/bin/../lib/gcc/arm-none-eabi/9.3.1/thumb/v7-m/nofp\libgcc.a(_aeabi_uldivmod.o) (__udivmoddi4)
c:/st/stm32cubeide_1.6.1/stm32cubeide/plugins/com.st.stm32cube.ide.mcu.externaltools.gnu-tools-for-stm32.9-2020-q2-update.win32_1.5.0.202011040924/tools/bin/../lib/gcc/arm-none-eabi/9.3.1/thumb/v7-m/nofp\libgcc.a(_dvmd_tls.o)
                              c:/st/stm32cubeide_1.6.1/stm32cubeide/plugins/com.st.stm32cube.ide.mcu.externaltools.gnu-tools-for-stm32.9-2020-q2-update.win32_1.5.0.202011040924/tools/bin/../lib/gcc/arm-none-eabi/9.3.1/thumb/v7-m/nofp\libgcc.a(_aeabi_uldivmod.o) (__aeabi_ldiv0)

Allocating common symbols
Common symbol       size              file

uwTick              0x4               Drivers/STM32L1xx_HAL_Driver/Src/stm32l1xx_hal.o
pFlash              0x18              Drivers/STM32L1xx_HAL_Driver/Src/stm32l1xx_hal_flash.o
huart1              0x40              Core/Src/usart.o
huart2              0x40              Core/Src/usart.o

Discarded input sections

[...]
Memory Configuration

Name             Origin             Length             Attributes
RAM              0x0000000020000000 0x0000000000014000 xrw
FLASH            0x0000000008000000 0x0000000000080000 xr
*default*        0x0000000000000000 0xffffffffffffffff

Linker script and memory map

LOAD c:/st/stm32cubeide_1.6.1/stm32cubeide/plugins/com.st.stm32cube.ide.mcu.externaltools.gnu-tools-for-stm32.9-2020-q2-update.win32_1.5.0.202011040924/tools/bin/../lib/gcc/arm-none-eabi/9.3.1/thumb/v7-m/nofp/crti.o
LOAD c:/st/stm32cubeide_1.6.1/stm32cubeide/plugins/com.st.stm32cube.ide.mcu.externaltools.gnu-tools-for-stm32.9-2020-q2-update.win32_1.5.0.202011040924/tools/bin/../lib/gcc/arm-none-eabi/9.3.1/thumb/v7-m/nofp/crtbegin.o
LOAD c:/st/stm32cubeide_1.6.1/stm32cubeide/plugins/com.st.stm32cube.ide.mcu.externaltools.gnu-tools-for-stm32.9-2020-q2-update.win32_1.5.0.202011040924/tools/bin/../lib/gcc/arm-none-eabi/9.3.1/../../../../arm-none-eabi/lib/thumb/v7-m/nofp/crt0.o
LOAD Core/Src/gpio.o
LOAD Core/Src/main.o
LOAD Core/Src/stm32l1xx_hal_msp.o
LOAD Core/Src/stm32l1xx_it.o
LOAD Core/Src/syscalls.o
LOAD Core/Src/sysmem.o
LOAD Core/Src/system_stm32l1xx.o
LOAD Core/Src/usart.o
LOAD Core/Src/wifly_lib.o
LOAD Core/Startup/startup_stm32l152retx.o
LOAD Drivers/STM32L1xx_HAL_Driver/Src/stm32l1xx_hal.o
LOAD Drivers/STM32L1xx_HAL_Driver/Src/stm32l1xx_hal_cortex.o
LOAD Drivers/STM32L1xx_HAL_Driver/Src/stm32l1xx_hal_dma.o
LOAD Drivers/STM32L1xx_HAL_Driver/Src/stm32l1xx_hal_exti.o
LOAD Drivers/STM32L1xx_HAL_Driver/Src/stm32l1xx_hal_flash.o
LOAD Drivers/STM32L1xx_HAL_Driver/Src/stm32l1xx_hal_flash_ex.o
LOAD Drivers/STM32L1xx_HAL_Driver/Src/stm32l1xx_hal_flash_ramfunc.o
LOAD Drivers/STM32L1xx_HAL_Driver/Src/stm32l1xx_hal_gpio.o
LOAD Drivers/STM32L1xx_HAL_Driver/Src/stm32l1xx_hal_pwr.o
LOAD Drivers/STM32L1xx_HAL_Driver/Src/stm32l1xx_hal_pwr_ex.o
LOAD Drivers/STM32L1xx_HAL_Driver/Src/stm32l1xx_hal_rcc.o
LOAD Drivers/STM32L1xx_HAL_Driver/Src/stm32l1xx_hal_rcc_ex.o
LOAD Drivers/STM32L1xx_HAL_Driver/Src/stm32l1xx_hal_tim.o
LOAD Drivers/STM32L1xx_HAL_Driver/Src/stm32l1xx_hal_tim_ex.o
LOAD Drivers/STM32L1xx_HAL_Driver/Src/stm32l1xx_hal_uart.o
START GROUP
LOAD c:/st/stm32cubeide_1.6.1/stm32cubeide/plugins/com.st.stm32cube.ide.mcu.externaltools.gnu-tools-for-stm32.9-2020-q2-update.win32_1.5.0.202011040924/tools/bin/../lib/gcc/arm-none-eabi/9.3.1/../../../../arm-none-eabi/lib/thumb/v7-m/nofp\libc_nano.a
LOAD c:/st/stm32cubeide_1.6.1/stm32cubeide/plugins/com.st.stm32cube.ide.mcu.externaltools.gnu-tools-for-stm32.9-2020-q2-update.win32_1.5.0.202011040924/tools/bin/../lib/gcc/arm-none-eabi/9.3.1/../../../../arm-none-eabi/lib/thumb/v7-m/nofp\libm.a
END GROUP
START GROUP
LOAD c:/st/stm32cubeide_1.6.1/stm32cubeide/plugins/com.st.stm32cube.ide.mcu.externaltools.gnu-tools-for-stm32.9-2020-q2-update.win32_1.5.0.202011040924/tools/bin/../lib/gcc/arm-none-eabi/9.3.1/thumb/v7-m/nofp\libgcc.a
LOAD c:/st/stm32cubeide_1.6.1/stm32cubeide/plugins/com.st.stm32cube.ide.mcu.externaltools.gnu-tools-for-stm32.9-2020-q2-update.win32_1.5.0.202011040924/tools/bin/../lib/gcc/arm-none-eabi/9.3.1/../../../../arm-none-eabi/lib/thumb/v7-m/nofp\libc_nano.a
END GROUP
START GROUP
LOAD c:/st/stm32cubeide_1.6.1/stm32cubeide/plugins/com.st.stm32cube.ide.mcu.externaltools.gnu-tools-for-stm32.9-2020-q2-update.win32_1.5.0.202011040924/tools/bin/../lib/gcc/arm-none-eabi/9.3.1/thumb/v7-m/nofp\libgcc.a
LOAD c:/st/stm32cubeide_1.6.1/stm32cubeide/plugins/com.st.stm32cube.ide.mcu.externaltools.gnu-tools-for-stm32.9-2020-q2-update.win32_1.5.0.202011040924/tools/bin/../lib/gcc/arm-none-eabi/9.3.1/../../../../arm-none-eabi/lib/thumb/v7-m/nofp\libc_nano.a
LOAD c:/st/stm32cubeide_1.6.1/stm32cubeide/plugins/com.st.stm32cube.ide.mcu.externaltools.gnu-tools-for-stm32.9-2020-q2-update.win32_1.5.0.202011040924/tools/bin/../lib/gcc/arm-none-eabi/9.3.1/../../../../arm-none-eabi/lib/thumb/v7-m/nofp\libnosys.a
END GROUP
START GROUP
LOAD c:/st/stm32cubeide_1.6.1/stm32cubeide/plugins/com.st.stm32cube.ide.mcu.externaltools.gnu-tools-for-stm32.9-2020-q2-update.win32_1.5.0.202011040924/tools/bin/../lib/gcc/arm-none-eabi/9.3.1/thumb/v7-m/nofp\libgcc.a
LOAD c:/st/stm32cubeide_1.6.1/stm32cubeide/plugins/com.st.stm32cube.ide.mcu.externaltools.gnu-tools-for-stm32.9-2020-q2-update.win32_1.5.0.202011040924/tools/bin/../lib/gcc/arm-none-eabi/9.3.1/../../../../arm-none-eabi/lib/thumb/v7-m/nofp\libc_nano.a
LOAD c:/st/stm32cubeide_1.6.1/stm32cubeide/plugins/com.st.stm32cube.ide.mcu.externaltools.gnu-tools-for-stm32.9-2020-q2-update.win32_1.5.0.202011040924/tools/bin/../lib/gcc/arm-none-eabi/9.3.1/../../../../arm-none-eabi/lib/thumb/v7-m/nofp\libnosys.a
END GROUP
LOAD c:/st/stm32cubeide_1.6.1/stm32cubeide/plugins/com.st.stm32cube.ide.mcu.externaltools.gnu-tools-for-stm32.9-2020-q2-update.win32_1.5.0.202011040924/tools/bin/../lib/gcc/arm-none-eabi/9.3.1/thumb/v7-m/nofp/crtend.o
LOAD c:/st/stm32cubeide_1.6.1/stm32cubeide/plugins/com.st.stm32cube.ide.mcu.externaltools.gnu-tools-for-stm32.9-2020-q2-update.win32_1.5.0.202011040924/tools/bin/../lib/gcc/arm-none-eabi/9.3.1/thumb/v7-m/nofp/crtn.o
                0x0000000020014000                _estack = (ORIGIN (RAM) + LENGTH (RAM))
                0x0000000000000200                _Min_Heap_Size = 0x200
                0x0000000000000400                _Min_Stack_Size = 0x400

.isr_vector     0x0000000008000000      0x13c
                0x0000000008000000                . = ALIGN (0x4)
 *(.isr_vector)
 .isr_vector    0x0000000008000000      0x13c Core/Startup/startup_stm32l152retx.o
                0x0000000008000000                g_pfnVectors
                0x000000000800013c                . = ALIGN (0x4)

.text           0x000000000800013c     0x297c
                0x000000000800013c                . = ALIGN (0x4)
 *(.text)
 .text          0x000000000800013c       0x40 c:/st/stm32cubeide_1.6.1/stm32cubeide/plugins/com.st.stm32cube.ide.mcu.externaltools.gnu-tools-for-stm32.9-2020-q2-update.win32_1.5.0.202011040924/tools/bin/../lib/gcc/arm-none-eabi/9.3.1/thumb/v7-m/nofp/crtbegin.o
 .text          0x000000000800017c       0x10 c:/st/stm32cubeide_1.6.1/stm32cubeide/plugins/com.st.stm32cube.ide.mcu.externaltools.gnu-tools-for-stm32.9-2020-q2-update.win32_1.5.0.202011040924/tools/bin/../lib/gcc/arm-none-eabi/9.3.1/../../../../arm-none-eabi/lib/thumb/v7-m/nofp\libc_nano.a(lib_a-strlen.o)
                0x000000000800017c                strlen
 .text          0x000000000800018c       0x30 c:/st/stm32cubeide_1.6.1/stm32cubeide/plugins/com.st.stm32cube.ide.mcu.externaltools.gnu-tools-for-stm32.9-2020-q2-update.win32_1.5.0.202011040924/tools/bin/../lib/gcc/arm-none-eabi/9.3.1/thumb/v7-m/nofp\libgcc.a(_aeabi_uldivmod.o)
                0x000000000800018c                __aeabi_uldivmod
 .text          0x00000000080001bc      0x2c4 c:/st/stm32cubeide_1.6.1/stm32cubeide/plugins/com.st.stm32cube.ide.mcu.externaltools.gnu-tools-for-stm32.9-2020-q2-update.win32_1.5.0.202011040924/tools/bin/../lib/gcc/arm-none-eabi/9.3.1/thumb/v7-m/nofp\libgcc.a(_udivmoddi4.o)
                0x00000000080001bc                __udivmoddi4
 .text          0x0000000008000480        0x4 c:/st/stm32cubeide_1.6.1/stm32cubeide/plugins/com.st.stm32cube.ide.mcu.externaltools.gnu-tools-for-stm32.9-2020-q2-update.win32_1.5.0.202011040924/tools/bin/../lib/gcc/arm-none-eabi/9.3.1/thumb/v7-m/nofp\libgcc.a(_dvmd_tls.o)
                0x0000000008000480                __aeabi_idiv0
                0x0000000008000480                __aeabi_ldiv0
 *(.text*)
 .text.MX_GPIO_Init
                0x0000000008000484       0xd0 Core/Src/gpio.o
                0x0000000008000484                MX_GPIO_Init
 .text.main     0x0000000008000554      0x17c Core/Src/main.o
                0x0000000008000554                main
 .text.SystemClock_Config
                0x00000000080006d0       0x9c Core/Src/main.o
                0x00000000080006d0                SystemClock_Config
 .text.Error_Handler
                0x000000000800076c        0xa Core/Src/main.o
                0x000000000800076c                Error_Handler
 *fill*         0x0000000008000776        0x2 
 .text.HAL_MspInit
                0x0000000008000778       0x60 Core/Src/stm32l1xx_hal_msp.o
                0x0000000008000778                HAL_MspInit
 .text.NMI_Handler
                0x00000000080007d8        0x6 Core/Src/stm32l1xx_it.o
                0x00000000080007d8                NMI_Handler
 .text.HardFault_Handler
                0x00000000080007de        0x6 Core/Src/stm32l1xx_it.o
                0x00000000080007de                HardFault_Handler
 .text.MemManage_Handler
                0x00000000080007e4        0x6 Core/Src/stm32l1xx_it.o
                0x00000000080007e4                MemManage_Handler
 .text.BusFault_Handler
                0x00000000080007ea        0x6 Core/Src/stm32l1xx_it.o
                0x00000000080007ea                BusFault_Handler
 .text.UsageFault_Handler
                0x00000000080007f0        0x6 Core/Src/stm32l1xx_it.o
                0x00000000080007f0                UsageFault_Handler
 .text.SVC_Handler
                0x00000000080007f6        0xc Core/Src/stm32l1xx_it.o
                0x00000000080007f6                SVC_Handler
 .text.DebugMon_Handler
                0x0000000008000802        0xc Core/Src/stm32l1xx_it.o
                0x0000000008000802                DebugMon_Handler
 .text.PendSV_Handler
                0x000000000800080e        0xc Core/Src/stm32l1xx_it.o
                0x000000000800080e                PendSV_Handler
 .text.SysTick_Handler
                0x000000000800081a        0xc Core/Src/stm32l1xx_it.o
                0x000000000800081a                SysTick_Handler
 *fill*         0x0000000008000826        0x2 
 .text.USART1_IRQHandler
                0x0000000008000828       0x14 Core/Src/stm32l1xx_it.o
                0x0000000008000828                USART1_IRQHandler
 .text.USART2_IRQHandler
                0x000000000800083c       0x2c Core/Src/stm32l1xx_it.o
                0x000000000800083c                USART2_IRQHandler
 .text.SystemInit
                0x0000000008000868       0x18 Core/Src/system_stm32l1xx.o
                0x0000000008000868                SystemInit
 .text.MX_USART1_UART_Init
                0x0000000008000880       0x54 Core/Src/usart.o
                0x0000000008000880                MX_USART1_UART_Init
 .text.MX_USART2_UART_Init
                0x00000000080008d4       0x54 Core/Src/usart.o
                0x00000000080008d4                MX_USART2_UART_Init
 .text.HAL_UART_MspInit
                0x0000000008000928      0x108 Core/Src/usart.o
                0x0000000008000928                HAL_UART_MspInit
 .text.commandMode
                0x0000000008000a30       0x80 Core/Src/wifly_lib.o
                0x0000000008000a30                commandMode
 .text.sendCommand
                0x0000000008000ab0       0xb0 Core/Src/wifly_lib.o
                0x0000000008000ab0                sendCommand
 .text.sendData
                0x0000000008000b60       0x8c Core/Src/wifly_lib.o
                0x0000000008000b60                sendData
 .text.Reset_Handler
                0x0000000008000bec       0x48 Core/Startup/startup_stm32l152retx.o
                0x0000000008000bec                Reset_Handler
 .text.Default_Handler
                0x0000000008000c34        0x2 Core/Startup/startup_stm32l152retx.o
                0x0000000008000c34                RTC_Alarm_IRQHandler
                0x0000000008000c34                EXTI2_IRQHandler
                0x0000000008000c34                COMP_ACQ_IRQHandler
                0x0000000008000c34                TIM10_IRQHandler
                0x0000000008000c34                USB_HP_IRQHandler
                0x0000000008000c34                TIM6_IRQHandler
                0x0000000008000c34                PVD_IRQHandler
                0x0000000008000c34                EXTI3_IRQHandler
                0x0000000008000c34                EXTI0_IRQHandler
                0x0000000008000c34                I2C2_EV_IRQHandler
                0x0000000008000c34                SPI1_IRQHandler
                0x0000000008000c34                USB_FS_WKUP_IRQHandler
                0x0000000008000c34                DMA2_Channel2_IRQHandler
                0x0000000008000c34                DMA1_Channel4_IRQHandler
                0x0000000008000c34                ADC1_IRQHandler
                0x0000000008000c34                USART3_IRQHandler
                0x0000000008000c34                DMA1_Channel7_IRQHandler
                0x0000000008000c34                LCD_IRQHandler
                0x0000000008000c34                UART5_IRQHandler
                0x0000000008000c34                TIM4_IRQHandler
                0x0000000008000c34                DMA2_Channel1_IRQHandler
                0x0000000008000c34                I2C1_EV_IRQHandler
                0x0000000008000c34                DMA1_Channel6_IRQHandler
                0x0000000008000c34                UART4_IRQHandler
                0x0000000008000c34                DMA2_Channel4_IRQHandler
                0x0000000008000c34                TIM3_IRQHandler
                0x0000000008000c34                RCC_IRQHandler
                0x0000000008000c34                DMA1_Channel1_IRQHandler
                0x0000000008000c34                Default_Handler
                0x0000000008000c34                EXTI15_10_IRQHandler
                0x0000000008000c34                TIM7_IRQHandler
                0x0000000008000c34                TIM5_IRQHandler
                0x0000000008000c34                EXTI9_5_IRQHandler
                0x0000000008000c34                TIM9_IRQHandler
                0x0000000008000c34                TAMPER_STAMP_IRQHandler
                0x0000000008000c34                RTC_WKUP_IRQHandler
                0x0000000008000c34                SPI2_IRQHandler
                0x0000000008000c34                DMA2_Channel5_IRQHandler
                0x0000000008000c34                DMA1_Channel5_IRQHandler
                0x0000000008000c34                USB_LP_IRQHandler
                0x0000000008000c34                EXTI4_IRQHandler
                0x0000000008000c34                DMA1_Channel3_IRQHandler
                0x0000000008000c34                COMP_IRQHandler
                0x0000000008000c34                WWDG_IRQHandler
                0x0000000008000c34                TIM2_IRQHandler
                0x0000000008000c34                DAC_IRQHandler
                0x0000000008000c34                EXTI1_IRQHandler
                0x0000000008000c34                TIM11_IRQHandler
                0x0000000008000c34                I2C2_ER_IRQHandler
                0x0000000008000c34                DMA1_Channel2_IRQHandler
                0x0000000008000c34                FLASH_IRQHandler
                0x0000000008000c34                SPI3_IRQHandler
                0x0000000008000c34                I2C1_ER_IRQHandler
                0x0000000008000c34                DMA2_Channel3_IRQHandler
 .text.HAL_Init
                0x0000000008000c36       0x30 Drivers/STM32L1xx_HAL_Driver/Src/stm32l1xx_hal.o
                0x0000000008000c36                HAL_Init
 *fill*         0x0000000008000c66        0x2 
 .text.HAL_InitTick
                0x0000000008000c68       0x74 Drivers/STM32L1xx_HAL_Driver/Src/stm32l1xx_hal.o
                0x0000000008000c68                HAL_InitTick
 .text.HAL_IncTick
                0x0000000008000cdc       0x24 Drivers/STM32L1xx_HAL_Driver/Src/stm32l1xx_hal.o
                0x0000000008000cdc                HAL_IncTick
 .text.HAL_GetTick
                0x0000000008000d00       0x14 Drivers/STM32L1xx_HAL_Driver/Src/stm32l1xx_hal.o
                0x0000000008000d00                HAL_GetTick
 .text.HAL_Delay
                0x0000000008000d14       0x44 Drivers/STM32L1xx_HAL_Driver/Src/stm32l1xx_hal.o
                0x0000000008000d14                HAL_Delay
 .text.__NVIC_SetPriorityGrouping
                0x0000000008000d58       0x48 Drivers/STM32L1xx_HAL_Driver/Src/stm32l1xx_hal_cortex.o
 .text.__NVIC_GetPriorityGrouping
                0x0000000008000da0       0x1c Drivers/STM32L1xx_HAL_Driver/Src/stm32l1xx_hal_cortex.o
 .text.__NVIC_EnableIRQ
                0x0000000008000dbc       0x38 Drivers/STM32L1xx_HAL_Driver/Src/stm32l1xx_hal_cortex.o
 .text.__NVIC_SetPriority
                0x0000000008000df4       0x54 Drivers/STM32L1xx_HAL_Driver/Src/stm32l1xx_hal_cortex.o
 .text.NVIC_EncodePriority
                0x0000000008000e48       0x64 Drivers/STM32L1xx_HAL_Driver/Src/stm32l1xx_hal_cortex.o
 .text.SysTick_Config
                0x0000000008000eac       0x44 Drivers/STM32L1xx_HAL_Driver/Src/stm32l1xx_hal_cortex.o
 .text.HAL_NVIC_SetPriorityGrouping
                0x0000000008000ef0       0x16 Drivers/STM32L1xx_HAL_Driver/Src/stm32l1xx_hal_cortex.o
                0x0000000008000ef0                HAL_NVIC_SetPriorityGrouping
 .text.HAL_NVIC_SetPriority
                0x0000000008000f06       0x38 Drivers/STM32L1xx_HAL_Driver/Src/stm32l1xx_hal_cortex.o
                0x0000000008000f06                HAL_NVIC_SetPriority
 .text.HAL_NVIC_EnableIRQ
                0x0000000008000f3e       0x1c Drivers/STM32L1xx_HAL_Driver/Src/stm32l1xx_hal_cortex.o
                0x0000000008000f3e                HAL_NVIC_EnableIRQ
 .text.HAL_SYSTICK_Config
                0x0000000008000f5a       0x18 Drivers/STM32L1xx_HAL_Driver/Src/stm32l1xx_hal_cortex.o
                0x0000000008000f5a                HAL_SYSTICK_Config
 .text.HAL_DMA_Abort_IT
                0x0000000008000f72       0x82 Drivers/STM32L1xx_HAL_Driver/Src/stm32l1xx_hal_dma.o
                0x0000000008000f72                HAL_DMA_Abort_IT
 .text.HAL_GPIO_Init
                0x0000000008000ff4      0x320 Drivers/STM32L1xx_HAL_Driver/Src/stm32l1xx_hal_gpio.o
                0x0000000008000ff4                HAL_GPIO_Init
 .text.HAL_GPIO_WritePin
                0x0000000008001314       0x30 Drivers/STM32L1xx_HAL_Driver/Src/stm32l1xx_hal_gpio.o
                0x0000000008001314                HAL_GPIO_WritePin
 .text.HAL_GPIO_TogglePin
                0x0000000008001344       0x32 Drivers/STM32L1xx_HAL_Driver/Src/stm32l1xx_hal_gpio.o
                0x0000000008001344                HAL_GPIO_TogglePin
 *fill*         0x0000000008001376        0x2 
 .text.HAL_RCC_OscConfig
                0x0000000008001378      0x660 Drivers/STM32L1xx_HAL_Driver/Src/stm32l1xx_hal_rcc.o
                0x0000000008001378                HAL_RCC_OscConfig
 .text.HAL_RCC_ClockConfig
                0x00000000080019d8      0x268 Drivers/STM32L1xx_HAL_Driver/Src/stm32l1xx_hal_rcc.o
                0x00000000080019d8                HAL_RCC_ClockConfig
 .text.HAL_RCC_GetSysClockFreq
                0x0000000008001c40      0x19c Drivers/STM32L1xx_HAL_Driver/Src/stm32l1xx_hal_rcc.o
                0x0000000008001c40                HAL_RCC_GetSysClockFreq
 .text.HAL_RCC_GetHCLKFreq
                0x0000000008001ddc       0x14 Drivers/STM32L1xx_HAL_Driver/Src/stm32l1xx_hal_rcc.o
                0x0000000008001ddc                HAL_RCC_GetHCLKFreq
 .text.HAL_RCC_GetPCLK1Freq
                0x0000000008001df0       0x28 Drivers/STM32L1xx_HAL_Driver/Src/stm32l1xx_hal_rcc.o
                0x0000000008001df0                HAL_RCC_GetPCLK1Freq
 .text.HAL_RCC_GetPCLK2Freq
                0x0000000008001e18       0x28 Drivers/STM32L1xx_HAL_Driver/Src/stm32l1xx_hal_rcc.o
                0x0000000008001e18                HAL_RCC_GetPCLK2Freq
 .text.RCC_SetFlashLatencyFromMSIRange
                0x0000000008001e40       0xc0 Drivers/STM32L1xx_HAL_Driver/Src/stm32l1xx_hal_rcc.o
 .text.HAL_UART_Init
                0x0000000008001f00       0x9a Drivers/STM32L1xx_HAL_Driver/Src/stm32l1xx_hal_uart.o
                0x0000000008001f00                HAL_UART_Init
 .text.HAL_UART_Transmit
                0x0000000008001f9a      0x132 Drivers/STM32L1xx_HAL_Driver/Src/stm32l1xx_hal_uart.o
                0x0000000008001f9a                HAL_UART_Transmit
 .text.HAL_UART_Receive
                0x00000000080020cc      0x14c Drivers/STM32L1xx_HAL_Driver/Src/stm32l1xx_hal_uart.o
                0x00000000080020cc                HAL_UART_Receive
 .text.HAL_UART_Transmit_IT
                0x0000000008002218       0x88 Drivers/STM32L1xx_HAL_Driver/Src/stm32l1xx_hal_uart.o
                0x0000000008002218                HAL_UART_Transmit_IT
 .text.HAL_UART_Receive_IT
                0x00000000080022a0       0xa8 Drivers/STM32L1xx_HAL_Driver/Src/stm32l1xx_hal_uart.o
                0x00000000080022a0                HAL_UART_Receive_IT
 .text.HAL_UART_IRQHandler
                0x0000000008002348      0x200 Drivers/STM32L1xx_HAL_Driver/Src/stm32l1xx_hal_uart.o
                0x0000000008002348                HAL_UART_IRQHandler
 .text.HAL_UART_TxCpltCallback
                0x0000000008002548       0x12 Drivers/STM32L1xx_HAL_Driver/Src/stm32l1xx_hal_uart.o
                0x0000000008002548                HAL_UART_TxCpltCallback
 .text.HAL_UART_RxCpltCallback
                0x000000000800255a       0x12 Drivers/STM32L1xx_HAL_Driver/Src/stm32l1xx_hal_uart.o
                0x000000000800255a                HAL_UART_RxCpltCallback
 .text.HAL_UART_ErrorCallback
                0x000000000800256c       0x12 Drivers/STM32L1xx_HAL_Driver/Src/stm32l1xx_hal_uart.o
                0x000000000800256c                HAL_UART_ErrorCallback
 .text.UART_WaitOnFlagUntilTimeout
                0x000000000800257e       0x94 Drivers/STM32L1xx_HAL_Driver/Src/stm32l1xx_hal_uart.o
 .text.UART_EndRxTransfer
                0x0000000008002612       0x3a Drivers/STM32L1xx_HAL_Driver/Src/stm32l1xx_hal_uart.o
 .text.UART_DMAAbortOnError
                0x000000000800264c       0x28 Drivers/STM32L1xx_HAL_Driver/Src/stm32l1xx_hal_uart.o
 .text.UART_Transmit_IT
                0x0000000008002674       0xaa Drivers/STM32L1xx_HAL_Driver/Src/stm32l1xx_hal_uart.o
 .text.UART_EndTransmit_IT
                0x000000000800271e       0x30 Drivers/STM32L1xx_HAL_Driver/Src/stm32l1xx_hal_uart.o
 .text.UART_Receive_IT
                0x000000000800274e      0x102 Drivers/STM32L1xx_HAL_Driver/Src/stm32l1xx_hal_uart.o
 .text.UART_SetConfig
                0x0000000008002850      0x1c8 Drivers/STM32L1xx_HAL_Driver/Src/stm32l1xx_hal_uart.o
 .text.__libc_init_array
                0x0000000008002a18       0x48 c:/st/stm32cubeide_1.6.1/stm32cubeide/plugins/com.st.stm32cube.ide.mcu.externaltools.gnu-tools-for-stm32.9-2020-q2-update.win32_1.5.0.202011040924/tools/bin/../lib/gcc/arm-none-eabi/9.3.1/../../../../arm-none-eabi/lib/thumb/v7-m/nofp\libc_nano.a(lib_a-init.o)
                0x0000000008002a18                __libc_init_array
 .text.memset   0x0000000008002a60       0x10 c:/st/stm32cubeide_1.6.1/stm32cubeide/plugins/com.st.stm32cube.ide.mcu.externaltools.gnu-tools-for-stm32.9-2020-q2-update.win32_1.5.0.202011040924/tools/bin/../lib/gcc/arm-none-eabi/9.3.1/../../../../arm-none-eabi/lib/thumb/v7-m/nofp\libc_nano.a(lib_a-memset.o)
                0x0000000008002a60                memset
 .text.strstr   0x0000000008002a70       0x2e c:/st/stm32cubeide_1.6.1/stm32cubeide/plugins/com.st.stm32cube.ide.mcu.externaltools.gnu-tools-for-stm32.9-2020-q2-update.win32_1.5.0.202011040924/tools/bin/../lib/gcc/arm-none-eabi/9.3.1/../../../../arm-none-eabi/lib/thumb/v7-m/nofp\libc_nano.a(lib_a-strstr.o)
                0x0000000008002a70                strstr
 *(.glue_7)
 .glue_7        0x0000000008002a9e        0x0 linker stubs
 *(.glue_7t)
 .glue_7t       0x0000000008002a9e        0x0 linker stubs
 *(.eh_frame)
 *fill*         0x0000000008002a9e        0x2 
 .eh_frame      0x0000000008002aa0        0x0 c:/st/stm32cubeide_1.6.1/stm32cubeide/plugins/com.st.stm32cube.ide.mcu.externaltools.gnu-tools-for-stm32.9-2020-q2-update.win32_1.5.0.202011040924/tools/bin/../lib/gcc/arm-none-eabi/9.3.1/thumb/v7-m/nofp/crtbegin.o
 *(.init)
 .init          0x0000000008002aa0        0x4 c:/st/stm32cubeide_1.6.1/stm32cubeide/plugins/com.st.stm32cube.ide.mcu.externaltools.gnu-tools-for-stm32.9-2020-q2-update.win32_1.5.0.202011040924/tools/bin/../lib/gcc/arm-none-eabi/9.3.1/thumb/v7-m/nofp/crti.o
                0x0000000008002aa0                _init
 .init          0x0000000008002aa4        0x8 c:/st/stm32cubeide_1.6.1/stm32cubeide/plugins/com.st.stm32cube.ide.mcu.externaltools.gnu-tools-for-stm32.9-2020-q2-update.win32_1.5.0.202011040924/tools/bin/../lib/gcc/arm-none-eabi/9.3.1/thumb/v7-m/nofp/crtn.o
 *(.fini)
 .fini          0x0000000008002aac        0x4 c:/st/stm32cubeide_1.6.1/stm32cubeide/plugins/com.st.stm32cube.ide.mcu.externaltools.gnu-tools-for-stm32.9-2020-q2-update.win32_1.5.0.202011040924/tools/bin/../lib/gcc/arm-none-eabi/9.3.1/thumb/v7-m/nofp/crti.o
                0x0000000008002aac                _fini
 .fini          0x0000000008002ab0        0x8 c:/st/stm32cubeide_1.6.1/stm32cubeide/plugins/com.st.stm32cube.ide.mcu.externaltools.gnu-tools-for-stm32.9-2020-q2-update.win32_1.5.0.202011040924/tools/bin/../lib/gcc/arm-none-eabi/9.3.1/thumb/v7-m/nofp/crtn.o
                0x0000000008002ab8                . = ALIGN (0x4)
                0x0000000008002ab8                _etext = .

.vfp11_veneer   0x0000000008002ab8        0x0
 .vfp11_veneer  0x0000000008002ab8        0x0 linker stubs

.v4_bx          0x0000000008002ab8        0x0
 .v4_bx         0x0000000008002ab8        0x0 linker stubs

.iplt           0x0000000008002ab8        0x0
 .iplt          0x0000000008002ab8        0x0 c:/st/stm32cubeide_1.6.1/stm32cubeide/plugins/com.st.stm32cube.ide.mcu.externaltools.gnu-tools-for-stm32.9-2020-q2-update.win32_1.5.0.202011040924/tools/bin/../lib/gcc/arm-none-eabi/9.3.1/thumb/v7-m/nofp/crtbegin.o

.rodata         0x0000000008002ab8      0x178
                0x0000000008002ab8                . = ALIGN (0x4)
 *(.rodata)
 .rodata        0x0000000008002ab8      0x12c Core/Src/main.o
 .rodata        0x0000000008002be4       0x25 Core/Src/wifly_lib.o
 *(.rodata*)
 *fill*         0x0000000008002c09        0x3 
 .rodata.PLLMulTable
                0x0000000008002c0c        0x9 Core/Src/system_stm32l1xx.o
                0x0000000008002c0c                PLLMulTable
 *fill*         0x0000000008002c15        0x3 
 .rodata.AHBPrescTable
                0x0000000008002c18       0x10 Core/Src/system_stm32l1xx.o
                0x0000000008002c18                AHBPrescTable
 .rodata.APBPrescTable
                0x0000000008002c28        0x8 Core/Src/system_stm32l1xx.o
                0x0000000008002c28                APBPrescTable
                0x0000000008002c30                . = ALIGN (0x4)

.ARM.extab      0x0000000008002c30        0x0
                0x0000000008002c30                . = ALIGN (0x4)
 *(.ARM.extab* .gnu.linkonce.armextab.*)
                0x0000000008002c30                . = ALIGN (0x4)

.ARM            0x0000000008002c30        0x8
                0x0000000008002c30                . = ALIGN (0x4)
                0x0000000008002c30                __exidx_start = .
 *(.ARM.exidx*)
 .ARM.exidx     0x0000000008002c30        0x8 c:/st/stm32cubeide_1.6.1/stm32cubeide/plugins/com.st.stm32cube.ide.mcu.externaltools.gnu-tools-for-stm32.9-2020-q2-update.win32_1.5.0.202011040924/tools/bin/../lib/gcc/arm-none-eabi/9.3.1/thumb/v7-m/nofp\libgcc.a(_udivmoddi4.o)
                0x0000000008002c38                __exidx_end = .
                0x0000000008002c38                . = ALIGN (0x4)

.rel.dyn        0x0000000008002c38        0x0
 .rel.iplt      0x0000000008002c38        0x0 c:/st/stm32cubeide_1.6.1/stm32cubeide/plugins/com.st.stm32cube.ide.mcu.externaltools.gnu-tools-for-stm32.9-2020-q2-update.win32_1.5.0.202011040924/tools/bin/../lib/gcc/arm-none-eabi/9.3.1/thumb/v7-m/nofp/crtbegin.o

.preinit_array  0x0000000008002c38        0x0
                0x0000000008002c38                . = ALIGN (0x4)
                0x0000000008002c38                PROVIDE (__preinit_array_start = .)
 *(.preinit_array*)
                0x0000000008002c38                PROVIDE (__preinit_array_end = .)
                0x0000000008002c38                . = ALIGN (0x4)

.init_array     0x0000000008002c38        0x4
                0x0000000008002c38                . = ALIGN (0x4)
                0x0000000008002c38                PROVIDE (__init_array_start = .)
 *(SORT_BY_NAME(.init_array.*))
 *(.init_array*)
 .init_array    0x0000000008002c38        0x4 c:/st/stm32cubeide_1.6.1/stm32cubeide/plugins/com.st.stm32cube.ide.mcu.externaltools.gnu-tools-for-stm32.9-2020-q2-update.win32_1.5.0.202011040924/tools/bin/../lib/gcc/arm-none-eabi/9.3.1/thumb/v7-m/nofp/crtbegin.o
                0x0000000008002c3c                PROVIDE (__init_array_end = .)
                0x0000000008002c3c                . = ALIGN (0x4)

.fini_array     0x0000000008002c3c        0x4
                0x0000000008002c3c                . = ALIGN (0x4)
                [!provide]                        PROVIDE (__fini_array_start = .)
 *(SORT_BY_NAME(.fini_array.*))
 *(.fini_array*)
 .fini_array    0x0000000008002c3c        0x4 c:/st/stm32cubeide_1.6.1/stm32cubeide/plugins/com.st.stm32cube.ide.mcu.externaltools.gnu-tools-for-stm32.9-2020-q2-update.win32_1.5.0.202011040924/tools/bin/../lib/gcc/arm-none-eabi/9.3.1/thumb/v7-m/nofp/crtbegin.o
                [!provide]                        PROVIDE (__fini_array_end = .)
                0x0000000008002c40                . = ALIGN (0x4)
                0x0000000008002c40                _sidata = LOADADDR (.data)

.data           0x0000000020000000        0xc load address 0x0000000008002c40
                0x0000000020000000                . = ALIGN (0x4)
                0x0000000020000000                _sdata = .
 *(.data)
 *(.data*)
 .data.SystemCoreClock
                0x0000000020000000        0x4 Core/Src/system_stm32l1xx.o
                0x0000000020000000                SystemCoreClock
 .data.uwTickPrio
                0x0000000020000004        0x4 Drivers/STM32L1xx_HAL_Driver/Src/stm32l1xx_hal.o
                0x0000000020000004                uwTickPrio
 .data.uwTickFreq
                0x0000000020000008        0x4 Drivers/STM32L1xx_HAL_Driver/Src/stm32l1xx_hal.o
                0x0000000020000008                uwTickFreq
 *(.RamFunc)
 *(.RamFunc*)
                0x000000002000000c                . = ALIGN (0x4)
                0x000000002000000c                _edata = .

.igot.plt       0x000000002000000c        0x0 load address 0x0000000008002c4c
 .igot.plt      0x000000002000000c        0x0 c:/st/stm32cubeide_1.6.1/stm32cubeide/plugins/com.st.stm32cube.ide.mcu.externaltools.gnu-tools-for-stm32.9-2020-q2-update.win32_1.5.0.202011040924/tools/bin/../lib/gcc/arm-none-eabi/9.3.1/thumb/v7-m/nofp/crtbegin.o
                0x000000002000000c                . = ALIGN (0x4)

.bss            0x000000002000000c       0xac load address 0x0000000008002c4c
                0x000000002000000c                _sbss = .
                0x000000002000000c                __bss_start__ = _sbss
 *(.bss)
 .bss           0x000000002000000c       0x1c c:/st/stm32cubeide_1.6.1/stm32cubeide/plugins/com.st.stm32cube.ide.mcu.externaltools.gnu-tools-for-stm32.9-2020-q2-update.win32_1.5.0.202011040924/tools/bin/../lib/gcc/arm-none-eabi/9.3.1/thumb/v7-m/nofp/crtbegin.o
 *(.bss*)
 .bss.data.5817
                0x0000000020000028        0xa Core/Src/stm32l1xx_it.o
 *(COMMON)
 *fill*         0x0000000020000032        0x2 
 COMMON         0x0000000020000034       0x80 Core/Src/usart.o
                0x0000000020000034                huart1
                0x0000000020000074                huart2
 COMMON         0x00000000200000b4        0x4 Drivers/STM32L1xx_HAL_Driver/Src/stm32l1xx_hal.o
                0x00000000200000b4                uwTick
                0x00000000200000b8                . = ALIGN (0x4)
                0x00000000200000b8                _ebss = .
                0x00000000200000b8                __bss_end__ = _ebss

._user_heap_stack
                0x00000000200000b8      0x600 load address 0x0000000008002c4c
                0x00000000200000b8                . = ALIGN (0x8)
                [!provide]                        PROVIDE (end = .)
                0x00000000200000b8                PROVIDE (_end = .)
                0x00000000200002b8                . = (. + _Min_Heap_Size)
 *fill*         0x00000000200000b8      0x200 
                0x00000000200006b8                . = (. + _Min_Stack_Size)
 *fill*         0x00000000200002b8      0x400 
                0x00000000200006b8                . = ALIGN (0x8)

/DISCARD/
 libc.a(*)
 libm.a(*)
 libgcc.a(*)

.ARM.attributes
                0x0000000000000000       0x29
 *(.ARM.attributes)
 .ARM.attributes
                0x0000000000000000       0x1d c:/st/stm32cubeide_1.6.1/stm32cubeide/plugins/com.st.stm32cube.ide.mcu.externaltools.gnu-tools-for-stm32.9-2020-q2-update.win32_1.5.0.202011040924/tools/bin/../lib/gcc/arm-none-eabi/9.3.1/thumb/v7-m/nofp/crti.o
 .ARM.attributes
                0x000000000000001d       0x2d c:/st/stm32cubeide_1.6.1/stm32cubeide/plugins/com.st.stm32cube.ide.mcu.externaltools.gnu-tools-for-stm32.9-2020-q2-update.win32_1.5.0.202011040924/tools/bin/../lib/gcc/arm-none-eabi/9.3.1/thumb/v7-m/nofp/crtbegin.o
 .ARM.attributes
                0x000000000000004a       0x2d Core/Src/gpio.o
 .ARM.attributes
                0x0000000000000077       0x2d Core/Src/main.o
 .ARM.attributes
                0x00000000000000a4       0x2d Core/Src/stm32l1xx_hal_msp.o
 .ARM.attributes
                0x00000000000000d1       0x2d Core/Src/stm32l1xx_it.o
 .ARM.attributes
                0x00000000000000fe       0x2d Core/Src/system_stm32l1xx.o
 .ARM.attributes
                0x000000000000012b       0x2d Core/Src/usart.o
 .ARM.attributes
                0x0000000000000158       0x2d Core/Src/wifly_lib.o
 .ARM.attributes
                0x0000000000000185       0x21 Core/Startup/startup_stm32l152retx.o
 .ARM.attributes
                0x00000000000001a6       0x2d Drivers/STM32L1xx_HAL_Driver/Src/stm32l1xx_hal.o
 .ARM.attributes
                0x00000000000001d3       0x2d Drivers/STM32L1xx_HAL_Driver/Src/stm32l1xx_hal_cortex.o
 .ARM.attributes
                0x0000000000000200       0x2d Drivers/STM32L1xx_HAL_Driver/Src/stm32l1xx_hal_dma.o
 .ARM.attributes
                0x000000000000022d       0x2d Drivers/STM32L1xx_HAL_Driver/Src/stm32l1xx_hal_gpio.o
 .ARM.attributes
                0x000000000000025a       0x2d Drivers/STM32L1xx_HAL_Driver/Src/stm32l1xx_hal_rcc.o
 .ARM.attributes
                0x0000000000000287       0x2d Drivers/STM32L1xx_HAL_Driver/Src/stm32l1xx_hal_uart.o
 .ARM.attributes
                0x00000000000002b4       0x2d c:/st/stm32cubeide_1.6.1/stm32cubeide/plugins/com.st.stm32cube.ide.mcu.externaltools.gnu-tools-for-stm32.9-2020-q2-update.win32_1.5.0.202011040924/tools/bin/../lib/gcc/arm-none-eabi/9.3.1/../../../../arm-none-eabi/lib/thumb/v7-m/nofp\libc_nano.a(lib_a-init.o)
 .ARM.attributes
                0x00000000000002e1       0x2d c:/st/stm32cubeide_1.6.1/stm32cubeide/plugins/com.st.stm32cube.ide.mcu.externaltools.gnu-tools-for-stm32.9-2020-q2-update.win32_1.5.0.202011040924/tools/bin/../lib/gcc/arm-none-eabi/9.3.1/../../../../arm-none-eabi/lib/thumb/v7-m/nofp\libc_nano.a(lib_a-memset.o)
 .ARM.attributes
                0x000000000000030e       0x17 c:/st/stm32cubeide_1.6.1/stm32cubeide/plugins/com.st.stm32cube.ide.mcu.externaltools.gnu-tools-for-stm32.9-2020-q2-update.win32_1.5.0.202011040924/tools/bin/../lib/gcc/arm-none-eabi/9.3.1/../../../../arm-none-eabi/lib/thumb/v7-m/nofp\libc_nano.a(lib_a-strlen.o)
 .ARM.attributes
                0x0000000000000325       0x2d c:/st/stm32cubeide_1.6.1/stm32cubeide/plugins/com.st.stm32cube.ide.mcu.externaltools.gnu-tools-for-stm32.9-2020-q2-update.win32_1.5.0.202011040924/tools/bin/../lib/gcc/arm-none-eabi/9.3.1/../../../../arm-none-eabi/lib/thumb/v7-m/nofp\libc_nano.a(lib_a-strstr.o)
 .ARM.attributes
                0x0000000000000352       0x1d c:/st/stm32cubeide_1.6.1/stm32cubeide/plugins/com.st.stm32cube.ide.mcu.externaltools.gnu-tools-for-stm32.9-2020-q2-update.win32_1.5.0.202011040924/tools/bin/../lib/gcc/arm-none-eabi/9.3.1/thumb/v7-m/nofp\libgcc.a(_aeabi_uldivmod.o)
 .ARM.attributes
                0x000000000000036f       0x2d c:/st/stm32cubeide_1.6.1/stm32cubeide/plugins/com.st.stm32cube.ide.mcu.externaltools.gnu-tools-for-stm32.9-2020-q2-update.win32_1.5.0.202011040924/tools/bin/../lib/gcc/arm-none-eabi/9.3.1/thumb/v7-m/nofp\libgcc.a(_udivmoddi4.o)
 .ARM.attributes
                0x000000000000039c       0x1d c:/st/stm32cubeide_1.6.1/stm32cubeide/plugins/com.st.stm32cube.ide.mcu.externaltools.gnu-tools-for-stm32.9-2020-q2-update.win32_1.5.0.202011040924/tools/bin/../lib/gcc/arm-none-eabi/9.3.1/thumb/v7-m/nofp\libgcc.a(_dvmd_tls.o)
 .ARM.attributes
                0x00000000000003b9       0x1d c:/st/stm32cubeide_1.6.1/stm32cubeide/plugins/com.st.stm32cube.ide.mcu.externaltools.gnu-tools-for-stm32.9-2020-q2-update.win32_1.5.0.202011040924/tools/bin/../lib/gcc/arm-none-eabi/9.3.1/thumb/v7-m/nofp/crtn.o
OUTPUT(STM32_27_WIFI.elf elf32-littlearm)
LOAD linker stubs
LOAD c:/st/stm32cubeide_1.6.1/stm32cubeide/plugins/com.st.stm32cube.ide.mcu.externaltools.gnu-tools-for-stm32.9-2020-q2-update.win32_1.5.0.202011040924/tools/bin/../lib/gcc/arm-none-eabi/9.3.1/../../../../arm-none-eabi/lib/thumb/v7-m/nofp\libc.a
LOAD c:/st/stm32cubeide_1.6.1/stm32cubeide/plugins/com.st.stm32cube.ide.mcu.externaltools.gnu-tools-for-stm32.9-2020-q2-update.win32_1.5.0.202011040924/tools/bin/../lib/gcc/arm-none-eabi/9.3.1/../../../../arm-none-eabi/lib/thumb/v7-m/nofp\libm.a
LOAD c:/st/stm32cubeide_1.6.1/stm32cubeide/plugins/com.st.stm32cube.ide.mcu.externaltools.gnu-tools-for-stm32.9-2020-q2-update.win32_1.5.0.202011040924/tools/bin/../lib/gcc/arm-none-eabi/9.3.1/thumb/v7-m/nofp\libgcc.a

.debug_info     0x0000000000000000     0x7fea
 .debug_info    0x0000000000000000      0x421 Core/Src/gpio.o
 .debug_info    0x0000000000000421     0x10ef Core/Src/main.o
 .debug_info    0x0000000000001510      0x2b2 Core/Src/stm32l1xx_hal_msp.o
 .debug_info    0x00000000000017c2      0x795 Core/Src/stm32l1xx_it.o
 .debug_info    0x0000000000001f57      0x4b3 Core/Src/system_stm32l1xx.o
 .debug_info    0x000000000000240a      0xaa1 Core/Src/usart.o
 .debug_info    0x0000000000002eab      0xf8e Core/Src/wifly_lib.o
 .debug_info    0x0000000000003e39       0x22 Core/Startup/startup_stm32l152retx.o
 .debug_info    0x0000000000003e5b      0x77d Drivers/STM32L1xx_HAL_Driver/Src/stm32l1xx_hal.o
 .debug_info    0x00000000000045d8      0xe32 Drivers/STM32L1xx_HAL_Driver/Src/stm32l1xx_hal_cortex.o
 .debug_info    0x000000000000540a      0x804 Drivers/STM32L1xx_HAL_Driver/Src/stm32l1xx_hal_dma.o
 .debug_info    0x0000000000005c0e      0x712 Drivers/STM32L1xx_HAL_Driver/Src/stm32l1xx_hal_gpio.o
 .debug_info    0x0000000000006320      0x9e3 Drivers/STM32L1xx_HAL_Driver/Src/stm32l1xx_hal_rcc.o
 .debug_info    0x0000000000006d03     0x12e7 Drivers/STM32L1xx_HAL_Driver/Src/stm32l1xx_hal_uart.o

.debug_abbrev   0x0000000000000000     0x19d0
 .debug_abbrev  0x0000000000000000      0x14e Core/Src/gpio.o
 .debug_abbrev  0x000000000000014e      0x270 Core/Src/main.o
 .debug_abbrev  0x00000000000003be      0x101 Core/Src/stm32l1xx_hal_msp.o
 .debug_abbrev  0x00000000000004bf      0x190 Core/Src/stm32l1xx_it.o
 .debug_abbrev  0x000000000000064f      0x129 Core/Src/system_stm32l1xx.o
 .debug_abbrev  0x0000000000000778      0x1c4 Core/Src/usart.o
 .debug_abbrev  0x000000000000093c      0x213 Core/Src/wifly_lib.o
 .debug_abbrev  0x0000000000000b4f       0x12 Core/Startup/startup_stm32l152retx.o
 .debug_abbrev  0x0000000000000b61      0x24b Drivers/STM32L1xx_HAL_Driver/Src/stm32l1xx_hal.o
 .debug_abbrev  0x0000000000000dac      0x33c Drivers/STM32L1xx_HAL_Driver/Src/stm32l1xx_hal_cortex.o
 .debug_abbrev  0x00000000000010e8      0x21f Drivers/STM32L1xx_HAL_Driver/Src/stm32l1xx_hal_dma.o
 .debug_abbrev  0x0000000000001307      0x1f1 Drivers/STM32L1xx_HAL_Driver/Src/stm32l1xx_hal_gpio.o
 .debug_abbrev  0x00000000000014f8      0x268 Drivers/STM32L1xx_HAL_Driver/Src/stm32l1xx_hal_rcc.o
 .debug_abbrev  0x0000000000001760      0x270 Drivers/STM32L1xx_HAL_Driver/Src/stm32l1xx_hal_uart.o

.debug_aranges  0x0000000000000000      0x6c8
 .debug_aranges
                0x0000000000000000       0x20 Core/Src/gpio.o
 .debug_aranges
                0x0000000000000020       0x30 Core/Src/main.o
 .debug_aranges
                0x0000000000000050       0x20 Core/Src/stm32l1xx_hal_msp.o
 .debug_aranges
                0x0000000000000070       0x70 Core/Src/stm32l1xx_it.o
 .debug_aranges
                0x00000000000000e0       0x28 Core/Src/system_stm32l1xx.o
 .debug_aranges
                0x0000000000000108       0x38 Core/Src/usart.o
 .debug_aranges
                0x0000000000000140       0x30 Core/Src/wifly_lib.o
 .debug_aranges
                0x0000000000000170       0x28 Core/Startup/startup_stm32l152retx.o
 .debug_aranges
                0x0000000000000198       0xe0 Drivers/STM32L1xx_HAL_Driver/Src/stm32l1xx_hal.o
 .debug_aranges
                0x0000000000000278      0x118 Drivers/STM32L1xx_HAL_Driver/Src/stm32l1xx_hal_cortex.o
 .debug_aranges
                0x0000000000000390       0x80 Drivers/STM32L1xx_HAL_Driver/Src/stm32l1xx_hal_dma.o
 .debug_aranges
                0x0000000000000410       0x58 Drivers/STM32L1xx_HAL_Driver/Src/stm32l1xx_hal_gpio.o
 .debug_aranges
                0x0000000000000468       0x90 Drivers/STM32L1xx_HAL_Driver/Src/stm32l1xx_hal_rcc.o
 .debug_aranges
                0x00000000000004f8      0x1d0 Drivers/STM32L1xx_HAL_Driver/Src/stm32l1xx_hal_uart.o

.debug_ranges   0x0000000000000000      0x5f0
 .debug_ranges  0x0000000000000000       0x10 Core/Src/gpio.o
 .debug_ranges  0x0000000000000010       0x20 Core/Src/main.o
 .debug_ranges  0x0000000000000030       0x10 Core/Src/stm32l1xx_hal_msp.o
 .debug_ranges  0x0000000000000040       0x60 Core/Src/stm32l1xx_it.o
 .debug_ranges  0x00000000000000a0       0x18 Core/Src/system_stm32l1xx.o
 .debug_ranges  0x00000000000000b8       0x28 Core/Src/usart.o
 .debug_ranges  0x00000000000000e0       0x20 Core/Src/wifly_lib.o
 .debug_ranges  0x0000000000000100       0x20 Core/Startup/startup_stm32l152retx.o
 .debug_ranges  0x0000000000000120       0xd0 Drivers/STM32L1xx_HAL_Driver/Src/stm32l1xx_hal.o
 .debug_ranges  0x00000000000001f0      0x108 Drivers/STM32L1xx_HAL_Driver/Src/stm32l1xx_hal_cortex.o
 .debug_ranges  0x00000000000002f8       0x70 Drivers/STM32L1xx_HAL_Driver/Src/stm32l1xx_hal_dma.o
 .debug_ranges  0x0000000000000368       0x48 Drivers/STM32L1xx_HAL_Driver/Src/stm32l1xx_hal_gpio.o
 .debug_ranges  0x00000000000003b0       0x80 Drivers/STM32L1xx_HAL_Driver/Src/stm32l1xx_hal_rcc.o
 .debug_ranges  0x0000000000000430      0x1c0 Drivers/STM32L1xx_HAL_Driver/Src/stm32l1xx_hal_uart.o

.debug_macro    0x0000000000000000    0x15b36
 .debug_macro   0x0000000000000000      0x1b4 Core/Src/gpio.o
 .debug_macro   0x00000000000001b4      0xa9c Core/Src/gpio.o
 .debug_macro   0x0000000000000c50      0x10c Core/Src/gpio.o
 .debug_macro   0x0000000000000d5c       0x2e Core/Src/gpio.o
 .debug_macro   0x0000000000000d8a       0x22 Core/Src/gpio.o
 .debug_macro   0x0000000000000dac       0x22 Core/Src/gpio.o
 .debug_macro   0x0000000000000dce       0x8e Core/Src/gpio.o
 .debug_macro   0x0000000000000e5c       0x51 Core/Src/gpio.o
 .debug_macro   0x0000000000000ead      0x103 Core/Src/gpio.o
 .debug_macro   0x0000000000000fb0       0x6a Core/Src/gpio.o
 .debug_macro   0x000000000000101a      0x1df Core/Src/gpio.o
 .debug_macro   0x00000000000011f9       0x1c Core/Src/gpio.o
 .debug_macro   0x0000000000001215       0x22 Core/Src/gpio.o
 .debug_macro   0x0000000000001237       0xc3 Core/Src/gpio.o
 .debug_macro   0x00000000000012fa      0xe49 Core/Src/gpio.o
 .debug_macro   0x0000000000002143      0x11f Core/Src/gpio.o
 .debug_macro   0x0000000000002262     0xb52b Core/Src/gpio.o
 .debug_macro   0x000000000000d78d       0x43 Core/Src/gpio.o
 .debug_macro   0x000000000000d7d0     0x34a0 Core/Src/gpio.o
 .debug_macro   0x0000000000010c70      0x174 Core/Src/gpio.o
 .debug_macro   0x0000000000010de4       0x5b Core/Src/gpio.o
 .debug_macro   0x0000000000010e3f      0xe38 Core/Src/gpio.o
 .debug_macro   0x0000000000011c77      0x35b Core/Src/gpio.o
 .debug_macro   0x0000000000011fd2      0x13b Core/Src/gpio.o
 .debug_macro   0x000000000001210d       0xc5 Core/Src/gpio.o
 .debug_macro   0x00000000000121d2      0x21e Core/Src/gpio.o
 .debug_macro   0x00000000000123f0      0x236 Core/Src/gpio.o
 .debug_macro   0x0000000000012626      0x10e Core/Src/gpio.o
 .debug_macro   0x0000000000012734      0x567 Core/Src/gpio.o
 .debug_macro   0x0000000000012c9b      0x1e9 Core/Src/gpio.o
 .debug_macro   0x0000000000012e84       0x22 Core/Src/gpio.o
 .debug_macro   0x0000000000012ea6      0x287 Core/Src/gpio.o
 .debug_macro   0x000000000001312d      0x170 Core/Src/gpio.o
 .debug_macro   0x000000000001329d      0x492 Core/Src/gpio.o
 .debug_macro   0x000000000001372f       0x58 Core/Src/gpio.o
 .debug_macro   0x0000000000013787      0x384 Core/Src/main.o
 .debug_macro   0x0000000000013b0b       0x52 Core/Src/main.o
 .debug_macro   0x0000000000013b5d       0x18 Core/Src/main.o
 .debug_macro   0x0000000000013b75       0x3c Core/Src/main.o
 .debug_macro   0x0000000000013bb1       0x34 Core/Src/main.o
 .debug_macro   0x0000000000013be5       0x16 Core/Src/main.o
 .debug_macro   0x0000000000013bfb       0x43 Core/Src/main.o
 .debug_macro   0x0000000000013c3e       0x34 Core/Src/main.o
 .debug_macro   0x0000000000013c72       0x10 Core/Src/main.o
 .debug_macro   0x0000000000013c82       0x58 Core/Src/main.o
 .debug_macro   0x0000000000013cda       0x71 Core/Src/main.o
 .debug_macro   0x0000000000013d4b       0x1c Core/Src/main.o
 .debug_macro   0x0000000000013d67      0x12a Core/Src/main.o
 .debug_macro   0x0000000000013e91      0x333 Core/Src/main.o
 .debug_macro   0x00000000000141c4       0x10 Core/Src/main.o
 .debug_macro   0x00000000000141d4       0x35 Core/Src/main.o
 .debug_macro   0x0000000000014209       0x20 Core/Src/main.o
 .debug_macro   0x0000000000014229       0x1c Core/Src/main.o
 .debug_macro   0x0000000000014245       0x10 Core/Src/main.o
 .debug_macro   0x0000000000014255       0x10 Core/Src/main.o
 .debug_macro   0x0000000000014265       0x1c Core/Src/main.o
 .debug_macro   0x0000000000014281       0x52 Core/Src/main.o
 .debug_macro   0x00000000000142d3       0x22 Core/Src/main.o
 .debug_macro   0x00000000000142f5       0x10 Core/Src/main.o
 .debug_macro   0x0000000000014305       0x40 Core/Src/main.o
 .debug_macro   0x0000000000014345       0xd5 Core/Src/main.o
 .debug_macro   0x000000000001441a       0x1c Core/Src/main.o
 .debug_macro   0x0000000000014436       0x3d Core/Src/main.o
 .debug_macro   0x0000000000014473       0x16 Core/Src/main.o
 .debug_macro   0x0000000000014489      0x145 Core/Src/main.o
 .debug_macro   0x00000000000145ce       0x4c Core/Src/main.o
 .debug_macro   0x000000000001461a      0x1aa Core/Src/stm32l1xx_hal_msp.o
 .debug_macro   0x00000000000147c4      0x1b4 Core/Src/stm32l1xx_it.o
 .debug_macro   0x0000000000014978      0x1a1 Core/Src/system_stm32l1xx.o
 .debug_macro   0x0000000000014b19      0x1b4 Core/Src/usart.o
 .debug_macro   0x0000000000014ccd      0x346 Core/Src/wifly_lib.o
 .debug_macro   0x0000000000015013       0xbd Core/Src/wifly_lib.o
 .debug_macro   0x00000000000150d0       0x55 Core/Src/wifly_lib.o
 .debug_macro   0x0000000000015125      0x1bf Drivers/STM32L1xx_HAL_Driver/Src/stm32l1xx_hal.o
 .debug_macro   0x00000000000152e4      0x19b Drivers/STM32L1xx_HAL_Driver/Src/stm32l1xx_hal_cortex.o
 .debug_macro   0x000000000001547f      0x19b Drivers/STM32L1xx_HAL_Driver/Src/stm32l1xx_hal_dma.o
 .debug_macro   0x000000000001561a      0x1d3 Drivers/STM32L1xx_HAL_Driver/Src/stm32l1xx_hal_gpio.o
 .debug_macro   0x00000000000157ed      0x1ad Drivers/STM32L1xx_HAL_Driver/Src/stm32l1xx_hal_rcc.o
 .debug_macro   0x000000000001599a      0x19c Drivers/STM32L1xx_HAL_Driver/Src/stm32l1xx_hal_uart.o

.debug_line     0x0000000000000000     0x86bb
 .debug_line    0x0000000000000000      0x695 Core/Src/gpio.o
 .debug_line    0x0000000000000695      0x951 Core/Src/main.o
 .debug_line    0x0000000000000fe6      0x67e Core/Src/stm32l1xx_hal_msp.o
 .debug_line    0x0000000000001664      0x772 Core/Src/stm32l1xx_it.o
 .debug_line    0x0000000000001dd6      0x720 Core/Src/system_stm32l1xx.o
 .debug_line    0x00000000000024f6      0x755 Core/Src/usart.o
 .debug_line    0x0000000000002c4b      0x9a3 Core/Src/wifly_lib.o
 .debug_line    0x00000000000035ee       0x84 Core/Startup/startup_stm32l152retx.o
 .debug_line    0x0000000000003672      0x93f Drivers/STM32L1xx_HAL_Driver/Src/stm32l1xx_hal.o
 .debug_line    0x0000000000003fb1      0xc0c Drivers/STM32L1xx_HAL_Driver/Src/stm32l1xx_hal_cortex.o
 .debug_line    0x0000000000004bbd      0xbc8 Drivers/STM32L1xx_HAL_Driver/Src/stm32l1xx_hal_dma.o
 .debug_line    0x0000000000005785      0x9c7 Drivers/STM32L1xx_HAL_Driver/Src/stm32l1xx_hal_gpio.o
 .debug_line    0x000000000000614c      0xe48 Drivers/STM32L1xx_HAL_Driver/Src/stm32l1xx_hal_rcc.o
 .debug_line    0x0000000000006f94     0x1727 Drivers/STM32L1xx_HAL_Driver/Src/stm32l1xx_hal_uart.o

.debug_str      0x0000000000000000    0x8420a
 .debug_str     0x0000000000000000    0x7e1a0 Core/Src/gpio.o
                                      0x7e42f (size before relaxing)
 .debug_str     0x000000000007e1a0     0x4753 Core/Src/main.o
                                      0x82b26 (size before relaxing)
 .debug_str     0x00000000000828f3       0x2c Core/Src/stm32l1xx_hal_msp.o
                                      0x7e392 (size before relaxing)
 .debug_str     0x000000000008291f       0xe1 Core/Src/stm32l1xx_it.o
                                      0x7e7bb (size before relaxing)
 .debug_str     0x0000000000082a00       0xd5 Core/Src/system_stm32l1xx.o
                                      0x7e304 (size before relaxing)
 .debug_str     0x0000000000082ad5      0x3c8 Core/Src/usart.o
                                      0x7eb72 (size before relaxing)
 .debug_str     0x0000000000082e9d       0x4c Core/Src/wifly_lib.o
                                      0x82927 (size before relaxing)
 .debug_str     0x0000000000082ee9       0x36 Core/Startup/startup_stm32l152retx.o
                                         0x83 (size before relaxing)
 .debug_str     0x0000000000082f1f      0x2f5 Drivers/STM32L1xx_HAL_Driver/Src/stm32l1xx_hal.o
                                      0x7e983 (size before relaxing)
 .debug_str     0x0000000000083214      0x3c1 Drivers/STM32L1xx_HAL_Driver/Src/stm32l1xx_hal_cortex.o
                                      0x7eab5 (size before relaxing)
 .debug_str     0x00000000000835d5      0x257 Drivers/STM32L1xx_HAL_Driver/Src/stm32l1xx_hal_dma.o
                                      0x7e653 (size before relaxing)
 .debug_str     0x000000000008382c      0x20f Drivers/STM32L1xx_HAL_Driver/Src/stm32l1xx_hal_gpio.o
                                      0x7e528 (size before relaxing)
 .debug_str     0x0000000000083a3b      0x2a7 Drivers/STM32L1xx_HAL_Driver/Src/stm32l1xx_hal_rcc.o
                                      0x7e71a (size before relaxing)
 .debug_str     0x0000000000083ce2      0x528 Drivers/STM32L1xx_HAL_Driver/Src/stm32l1xx_hal_uart.o
                                      0x7eb4d (size before relaxing)

.comment        0x0000000000000000       0x53
 .comment       0x0000000000000000       0x53 Core/Src/gpio.o
                                         0x54 (size before relaxing)
 .comment       0x0000000000000053       0x54 Core/Src/main.o
 .comment       0x0000000000000053       0x54 Core/Src/stm32l1xx_hal_msp.o
 .comment       0x0000000000000053       0x54 Core/Src/stm32l1xx_it.o
 .comment       0x0000000000000053       0x54 Core/Src/system_stm32l1xx.o
 .comment       0x0000000000000053       0x54 Core/Src/usart.o
 .comment       0x0000000000000053       0x54 Core/Src/wifly_lib.o
 .comment       0x0000000000000053       0x54 Drivers/STM32L1xx_HAL_Driver/Src/stm32l1xx_hal.o
 .comment       0x0000000000000053       0x54 Drivers/STM32L1xx_HAL_Driver/Src/stm32l1xx_hal_cortex.o
 .comment       0x0000000000000053       0x54 Drivers/STM32L1xx_HAL_Driver/Src/stm32l1xx_hal_dma.o
 .comment       0x0000000000000053       0x54 Drivers/STM32L1xx_HAL_Driver/Src/stm32l1xx_hal_gpio.o
 .comment       0x0000000000000053       0x54 Drivers/STM32L1xx_HAL_Driver/Src/stm32l1xx_hal_rcc.o
 .comment       0x0000000000000053       0x54 Drivers/STM32L1xx_HAL_Driver/Src/stm32l1xx_hal_uart.o

.debug_frame    0x0000000000000000     0x19c8
 .debug_frame   0x0000000000000000       0x34 Core/Src/gpio.o
 .debug_frame   0x0000000000000034       0x70 Core/Src/main.o
 .debug_frame   0x00000000000000a4       0x34 Core/Src/stm32l1xx_hal_msp.o
 .debug_frame   0x00000000000000d8      0x13c Core/Src/stm32l1xx_it.o
 .debug_frame   0x0000000000000214       0x58 Core/Src/system_stm32l1xx.o
 .debug_frame   0x000000000000026c       0x90 Core/Src/usart.o
 .debug_frame   0x00000000000002fc       0x7c Core/Src/wifly_lib.o
 .debug_frame   0x0000000000000378      0x33c Drivers/STM32L1xx_HAL_Driver/Src/stm32l1xx_hal.o
 .debug_frame   0x00000000000006b4      0x498 Drivers/STM32L1xx_HAL_Driver/Src/stm32l1xx_hal_cortex.o
 .debug_frame   0x0000000000000b4c      0x204 Drivers/STM32L1xx_HAL_Driver/Src/stm32l1xx_hal_dma.o
 .debug_frame   0x0000000000000d50      0x14c Drivers/STM32L1xx_HAL_Driver/Src/stm32l1xx_hal_gpio.o
 .debug_frame   0x0000000000000e9c      0x21c Drivers/STM32L1xx_HAL_Driver/Src/stm32l1xx_hal_rcc.o
 .debug_frame   0x00000000000010b8      0x834 Drivers/STM32L1xx_HAL_Driver/Src/stm32l1xx_hal_uart.o
 .debug_frame   0x00000000000018ec       0x2c c:/st/stm32cubeide_1.6.1/stm32cubeide/plugins/com.st.stm32cube.ide.mcu.externaltools.gnu-tools-for-stm32.9-2020-q2-update.win32_1.5.0.202011040924/tools/bin/../lib/gcc/arm-none-eabi/9.3.1/../../../../arm-none-eabi/lib/thumb/v7-m/nofp\libc_nano.a(lib_a-init.o)
 .debug_frame   0x0000000000001918       0x20 c:/st/stm32cubeide_1.6.1/stm32cubeide/plugins/com.st.stm32cube.ide.mcu.externaltools.gnu-tools-for-stm32.9-2020-q2-update.win32_1.5.0.202011040924/tools/bin/../lib/gcc/arm-none-eabi/9.3.1/../../../../arm-none-eabi/lib/thumb/v7-m/nofp\libc_nano.a(lib_a-memset.o)
 .debug_frame   0x0000000000001938       0x30 c:/st/stm32cubeide_1.6.1/stm32cubeide/plugins/com.st.stm32cube.ide.mcu.externaltools.gnu-tools-for-stm32.9-2020-q2-update.win32_1.5.0.202011040924/tools/bin/../lib/gcc/arm-none-eabi/9.3.1/../../../../arm-none-eabi/lib/thumb/v7-m/nofp\libc_nano.a(lib_a-strstr.o)
 .debug_frame   0x0000000000001968       0x2c c:/st/stm32cubeide_1.6.1/stm32cubeide/plugins/com.st.stm32cube.ide.mcu.externaltools.gnu-tools-for-stm32.9-2020-q2-update.win32_1.5.0.202011040924/tools/bin/../lib/gcc/arm-none-eabi/9.3.1/thumb/v7-m/nofp\libgcc.a(_aeabi_uldivmod.o)
 .debug_frame   0x0000000000001994       0x34 c:/st/stm32cubeide_1.6.1/stm32cubeide/plugins/com.st.stm32cube.ide.mcu.externaltools.gnu-tools-for-stm32.9-2020-q2-update.win32_1.5.0.202011040924/tools/bin/../lib/gcc/arm-none-eabi/9.3.1/thumb/v7-m/nofp\libgcc.a(_udivmoddi4.o)
